[maantradingacademy.com/lp/index.html]
[backblue.gif]
[fade.gif]
[index.html]
[maantradingacademy.com/wp-content/litespeed/ucss/56f89ff0dcbaa1fd974f9c92f2db4b056eb1.css]
[maantradingacademy.com/wp-content/plugins/phonepe-payment-solutions/style1e39.css]
[maantradingacademy.com/wp-content/plugins/droit-elementor-addons/modules/widgets/widgetsc6bd.css]
[maantradingacademy.com/wp-content/plugins/droit-elementor-addons/assets/css/icons.minc6bd.css]
[maantradingacademy.com/wp-content/plugins/droit-elementor-addons/assets/css/widget.minc6bd.css]
[maantradingacademy.com/wp-content/plugins/droit-elementor-addons/assets/vendor/animation/animate.minc6bd.css]
[maantradingacademy.com/wp-content/plugins/droit-elementor-addons/assets/vendor/reset.minc6bd.css]
[maantradingacademy.com/wp-content/plugins/droit-elementor-addons/assets/vendor/grid.minc6bd.css]
[maantradingacademy.com/wp-content/plugins/droit-elementor-addons/assets/vendor/button.minc6bd.css]
[maantradingacademy.com/wp-content/plugins/droit-elementor-addons/assets/vendor/owl_carousel/css/owl.carouselc6bd.css]
[maantradingacademy.com/wp-content/plugins/droit-elementor-addons/assets/vendor/swiper/swiper.minc6bd.css]
[maantradingacademy.com/wp-includes/js/mediaelement/mediaelementplayer-legacy.min1f61.css]
[maantradingacademy.com/wp-includes/js/mediaelement/wp-mediaelement.min1e39.css]
[maantradingacademy.com/wp-content/plugins/woolentor-addons/woolentor-blocks/src/assets/css/common-style206d.css]
[maantradingacademy.com/wp-content/plugins/woolentor-addons/woolentor-blocks/src/assets/css/style-index206d.css]
[maantradingacademy.com/wp-content/plugins/wp-whatsapp/assets/dist/css/style1e39.css]
[maantradingacademy.com/wp-content/plugins/woocustomizer/assets/css/frontend21bb.css]
[maantradingacademy.com/wp-content/plugins/blossomthemes-instagram-feed/public/css/blossomthemes-instagram-feed-publicc1b4.css]
[maantradingacademy.com/wp-content/plugins/blossomthemes-instagram-feed/public/css/magnific-popup.min8a54.css]
[maantradingacademy.com/wp-content/plugins/borderless/modules/block-editor/contact-information/contact-information-frontend1e39.css]
[maantradingacademy.com/wp-content/plugins/borderless/modules/block-editor/social-icons/social-icons-frontend1e39.css]
[maantradingacademy.com/wp-content/plugins/borderless/assets/styles/borderless.min6bc5.css]
[maantradingacademy.com/wp-content/plugins/contact-form-7/includes/css/stylesdfc9.css]
[maantradingacademy.com/wp-content/plugins/elementor/assets/lib/eicons/css/elementor-icons.min7bb8.css]
[maantradingacademy.com/wp-content/plugins/elementor/assets/css/frontend-lite.minf3b2.css]
[maantradingacademy.com/wp-content/uploads/elementor/css/post-9524a.css]
[maantradingacademy.com/wp-content/plugins/wp-social-reviews/assets/css/wp_social_ninja_reviewsfb6f.css]
[maantradingacademy.com/wp-content/plugins/sticky-header-effects-for-elementor/assets/css/she-header-style744a.css]
[maantradingacademy.com/wp-content/uploads/elementor/css/post-410008c5.css]
[maantradingacademy.com/wp-content/plugins/header-footer-elementor/inc/widgets-css/frontend378f.css]
[maantradingacademy.com/wp-content/plugins/woo-direct-checkout-lite/assets/css/font-awesome.min1e39.css]
[maantradingacademy.com/wp-content/plugins/droit-elementor-addons/modules/tooltip/assets/tooltipc6bd.css]
[maantradingacademy.com/wp-content/plugins/header-footer-elementor/assets/css/header-footer-elementor378f.css]
[maantradingacademy.com/wp-content/uploads/elementor/css/post-1406f22a.css]
[maantradingacademy.com/wp-content/plugins/elementor/assets/lib/font-awesome/css/font-awesome.min1849.css]
[maantradingacademy.com/wp-content/plugins/woolentor-addons/assets/css/simple-line-icons206d.css]
[maantradingacademy.com/wp-content/plugins/woolentor-addons/assets/css/htflexboxgrid206d.css]
[maantradingacademy.com/wp-content/plugins/woolentor-addons/assets/css/slick206d.css]
[maantradingacademy.com/wp-content/plugins/woolentor-addons/assets/css/woolentor-widgets206d.css]
[maantradingacademy.com/wp-content/plugins/ht-mega-for-elementor/assets/css/htbbootstrap8d5a.css]
[maantradingacademy.com/wp-content/plugins/ht-mega-for-elementor/assets/css/animation8d5a.css]
[maantradingacademy.com/wp-content/plugins/ht-mega-for-elementor/assets/css/htmega-keyframes8d5a.css]
[maantradingacademy.com/wp-content/plugins/ht-mega-for-elementor/assets/extensions/ht-builder/css/htbuilder8d5a.css]
[maantradingacademy.com/wp-content/plugins/ht-mega-for-elementor/assets/extensions/wc-sales-notification/css/wc_notification8d5a.css]
[maantradingacademy.com/wp-content/themes/kadence/assets/css/global.min1cbb.css]
[maantradingacademy.com/wp-content/themes/kadence/assets/css/header.min1cbb.css]
[maantradingacademy.com/wp-content/themes/kadence/assets/css/content.min1cbb.css]
[maantradingacademy.com/wp-content/themes/kadence/assets/css/woocommerce.min1cbb.css]
[maantradingacademy.com/wp-content/themes/kadence/assets/css/footer.min1cbb.css]
[maantradingacademy.com/wp-content/plugins/elementskit-lite/modules/elementskit-icon-pack/assets/css/ekiticons459e.css]
[maantradingacademy.com/wp-content/plugins/ht-mega-for-elementor/assets/extensions/ht-menu/css/font-awesome/css/all.min1e39.css]
[maantradingacademy.com/wp-content/plugins/ht-mega-for-elementor/assets/extensions/ht-menu/css/mega-menu-style8d5a.css]
[maantradingacademy.com/wp-content/plugins/elementskit-lite/widgets/init/assets/css/widget-styles459e.css]
[maantradingacademy.com/wp-content/plugins/elementskit-lite/widgets/init/assets/css/responsive459e.css]
[maantradingacademy.com/wp-content/plugins/theme-builder-for-elementor/assets/css/bootstrap8d1e.css]
[maantradingacademy.com/wp-content/plugins/elementor/assets/lib/font-awesome/css/fontawesome.min52d5.css]
[maantradingacademy.com/wp-content/plugins/elementor/assets/lib/font-awesome/css/brands.min52d5.css]
[maantradingacademy.com/wp-content/plugins/elementor/assets/lib/font-awesome/css/regular.min52d5.css]
[maantradingacademy.com/wp-content/plugins/elementor/assets/lib/font-awesome/css/solid.min52d5.css]
[stats.wp.com/s-202351.js]
[maantradingacademy.com/wp-content/uploads/Screenshot-2023-11-09-at-8.01.08 PM.png]
[maantradingacademy.com/wp-content/uploads/Screenshot-2023-11-09-at-11.01.47 AM.png]
[maantradingacademy.com/wp-content/uploads/Screenshot-2023-11-09-at-8.06.22 PM.png]
[maantradingacademy.com/wp-content/uploads/Screenshot-2023-11-09-at-7.13.15 PM.png]
[maantradingacademy.com/wp-content/plugins/borderless/assets/styles/elementor.min6bc5.css]
[maantradingacademy.com/wp-content/plugins/ht-mega-for-elementor/assets/css/htmega-widgets8d5a.css]
[maantradingacademy.com/wp-content/uploads/trustindex-google-widgetf967.css]
[maantradingacademy.com/wp-content/plugins/elementor/assets/lib/animations/animations.minf3b2.css]
[maantradingacademy.com/wp-content/plugins/presto-player/src/player/player-static107c.js]
[stats.wp.com/e-202351.js]
[cdn.trustindex.io/loader1e39.js]
[maantradingacademy.com/lp/index.html]
[i0.wp.com/maantradingacademy.com/wp-content/uploads/2023/07/12-1-e169028845392649a2.html]
[maantradingacademy.com/wp-content/litespeed/ucss/56f89ff0dcbaa1fd974f9c92f2db4b056eb1.css]
[maantradingacademy.com/wp-content/plugins/phonepe-payment-solutions/style1e39.css]
[maantradingacademy.com/wp-content/plugins/droit-elementor-addons/modules/img/icon_box_bg.png]
[maantradingacademy.com/wp-content/plugins/droit-elementor-addons/modules/img/icon_box_bg_2.51.delayed]
[maantradingacademy.com/wp-content/plugins/droit-elementor-addons/modules/widgets/widgetsc6bd.css]
[maantradingacademy.com/wp-content/plugins/droit-elementor-addons/assets/css/icons.minc6bd.css]
[maantradingacademy.com/wp-content/plugins/droit-elementor-addons/assets/css/editor-common.minc6bd.css]
[maantradingacademy.com/wp-content/plugins/droit-elementor-addons/assets/css/widget.minc6bd.css]
[maantradingacademy.com/wp-content/plugins/droit-elementor-addons/assets/vendor/animation/animate.minc6bd.css]
[maantradingacademy.com/wp-content/plugins/droit-elementor-addons/assets/vendor/reset.minc6bd.css]
[maantradingacademy.com/wp-content/plugins/droit-elementor-addons/assets/vendor/grid.minc6bd.css]
[maantradingacademy.com/wp-content/plugins/droit-elementor-addons/assets/vendor/button.minc6bd.css]
[maantradingacademy.com/wp-content/plugins/droit-elementor-addons/assets/vendor/owl_carousel/css/owl.video.play.52.delayed]
[maantradingacademy.com/wp-content/plugins/droit-elementor-addons/assets/vendor/owl_carousel/css/owl.carouselc6bd.css]
[maantradingacademy.com/wp-content/plugins/droit-elementor-addons/assets/vendor/swiper/swiper.minc6bd.css]
[maantradingacademy.com/wp-includes/js/mediaelement/mejs-controls.svg]
[maantradingacademy.com/wp-includes/js/mediaelement/mediaelementplayer-legacy.min1f61.css]
[maantradingacademy.com/wp-includes/js/mediaelement/wp-mediaelement.min1e39.css]
[maantradingacademy.com/wp-content/plugins/ht-contactform/blocks/src/assets/css/style-index7359.css]
[maantradingacademy.com/wp-content/plugins/woolentor-addons/woolentor-blocks/src/assets/css/common-style206d.css]
[maantradingacademy.com/wp-content/plugins/woolentor-addons/woolentor-blocks/src/assets/css/style-index206d.css]
[maantradingacademy.com/wp-content/plugins/wp-whatsapp/assets/dist/css/style1e39.css]
[maantradingacademy.com/wp-content/plugins/woocustomizer/assets/images/loader.gif]
[maantradingacademy.com/wp-content/plugins/woocustomizer/assets/images/stats-icon.png]
[maantradingacademy.com/wp-content/plugins/woocustomizer/assets/images/close-icon.png]
[maantradingacademy.com/wp-content/plugins/woocustomizer/assets/css/frontend21bb.css]
[maantradingacademy.com/wp-content/plugins/blossomthemes-instagram-feed/public/css/blossomthemes-instagram-feed-publicc1b4.css]
[maantradingacademy.com/wp-content/plugins/blossomthemes-instagram-feed/public/css/magnific-popup.min8a54.css]
[maantradingacademy.com/wp-content/plugins/borderless/modules/block-editor/contact-information/contact-information-frontend1e39.css]
[maantradingacademy.com/wp-content/plugins/borderless/modules/block-editor/social-icons/social-icons-frontend1e39.css]
[maantradingacademy.com/wp-content/plugins/borderless/assets/styles/borderless.min6bc5.css]
[maantradingacademy.com/wp-content/plugins/contact-form-7/includes/css/stylesdfc9.css]
[maantradingacademy.com/wp-content/plugins/elementinvader/public/css/elementinvader-public9632.css]
[maantradingacademy.com/wp-content/plugins/elementor/assets/lib/eicons/css/elementor-icons.min7bb8.css]
[maantradingacademy.com/wp-content/plugins/elementor/assets/css/frontend-lite.minf3b2.css]
[maantradingacademy.com/wp-content/uploads/elementor/css/post-9524a.css]
[maantradingacademy.com/wp-content/plugins/wp-social-reviews/assets/css/wp_social_ninja_reviewsfb6f.css]
[maantradingacademy.com/wp-content/plugins/sticky-header-effects-for-elementor/assets/css/she-header-style744a.css]
[maantradingacademy.com/wp-content/uploads/2023/07/6256458-scaled.jpg]
[maantradingacademy.com/wp-content/uploads/ivan-bandura-532042-unsplash.jpg]
[maantradingacademy.com/wp-content/uploads/elementor/css/post-410008c5.css]
[maantradingacademy.com/wp-content/plugins/header-footer-elementor/inc/widgets-css/frontend378f.css]
[maantradingacademy.com/wp-content/plugins/woo-direct-checkout-lite/assets/css/font-awesome.min1e39.css]
[maantradingacademy.com/wp-content/plugins/woo-direct-checkout-lite/assets/css/direct_ck1e39.css]
[maantradingacademy.com/wp-content/plugins/droit-elementor-addons/modules/sticky/js/stickyc6bd.css]
[maantradingacademy.com/wp-content/plugins/droit-elementor-addons/modules/tooltip/assets/tooltipc6bd.css]
[maantradingacademy.com/wp-content/plugins/droit-elementor-addons/modules/templates/assets/css/template-frontend.minc6bd.css]
[maantradingacademy.com/wp-content/plugins/header-footer-elementor/assets/css/header-footer-elementor378f.css]
[maantradingacademy.com/wp-content/uploads/elementor/css/post-1406f22a.css]
[maantradingacademy.com/wp-content/plugins/elementor/assets/lib/font-awesome/css/font-awesome.min1849.css]
[maantradingacademy.com/wp-content/plugins/woolentor-addons/assets/css/simple-line-icons206d.css]
[maantradingacademy.com/wp-content/plugins/woolentor-addons/assets/css/htflexboxgrid206d.css]
[maantradingacademy.com/wp-content/plugins/woolentor-addons/assets/css/slick206d.css]
[maantradingacademy.com/wp-content/plugins/woolentor-addons/assets/images/selector-icon.png]
[maantradingacademy.com/wp-content/plugins/woolentor-addons/assets/images/check.png]
[maantradingacademy.com/wp-content/plugins/woolentor-addons/assets/css/woolentor-widgets206d.css]
[maantradingacademy.com/wp-content/plugins/ht-mega-for-elementor/assets/css/htbbootstrap8d5a.css]
[maantradingacademy.com/wp-content/plugins/ht-mega-for-elementor/assets/css/animation8d5a.css]
[maantradingacademy.com/wp-content/plugins/ht-mega-for-elementor/assets/css/htmega-keyframes8d5a.css]
[maantradingacademy.com/wp-content/plugins/ht-mega-for-elementor/assets/extensions/ht-builder/css/htbuilder8d5a.css]
[maantradingacademy.com/wp-content/plugins/ht-mega-for-elementor/assets/extensions/wc-sales-notification/css/wc_notification8d5a.css]
[maantradingacademy.com/wp-content/themes/kadence/assets/css/global.min1cbb.css]
[maantradingacademy.com/wp-content/themes/kadence/assets/css/header.min1cbb.css]
[maantradingacademy.com/wp-content/themes/kadence/assets/css/content.min1cbb.css]
[maantradingacademy.com/wp-content/themes/kadence/assets/css/woocommerce.min1cbb.css]
[maantradingacademy.com/wp-content/themes/kadence/assets/css/footer.min1cbb.css]
[maantradingacademy.com/wp-content/plugins/elementskit-lite/modules/elementskit-icon-pack/assets/css/ekiticons459e.css]
[maantradingacademy.com/wp-content/plugins/ht-mega-for-elementor/assets/extensions/ht-menu/css/font-awesome/css/all.min1e39.css]
[maantradingacademy.com/wp-content/plugins/ht-mega-for-elementor/assets/extensions/ht-menu/css/mega-menu-style8d5a.css]
[maantradingacademy.com/wp-content/plugins/elementskit-lite/widgets/init/assets/img/arrow.png]
[maantradingacademy.com/wp-content/plugins/elementskit-lite/widgets/init/assets/img/sort_asc.png]
[maantradingacademy.com/wp-content/plugins/elementskit-lite/widgets/init/assets/img/sort_desc.png]
[maantradingacademy.com/wp-content/plugins/elementskit-lite/widgets/init/assets/img/sort_asc_disabled.png]
[maantradingacademy.com/wp-content/plugins/elementskit-lite/widgets/init/assets/css/widget-styles459e.css]
[maantradingacademy.com/wp-content/plugins/elementskit-lite/widgets/init/assets/css/responsive459e.css]
[maantradingacademy.com/wp-content/plugins/theme-builder-for-elementor/assets/css/bootstrap8d1e.css]
[maantradingacademy.com/wp-content/plugins/elementor/assets/lib/font-awesome/css/fontawesome.min52d5.css]
[maantradingacademy.com/wp-content/plugins/elementor/assets/lib/font-awesome/css/brands.min52d5.css]
[maantradingacademy.com/wp-content/plugins/elementor/assets/lib/font-awesome/css/regular.min52d5.css]
[maantradingacademy.com/wp-content/plugins/elementor/assets/lib/font-awesome/css/solid.min52d5.css]
[www.googletagmanager.com/gtm5445.html]
[maantradingacademy.com/wp-content/plugins/jetpack/_inc/build/theme-tools/responsive-videos/responsive-videosb269.css]
[maantradingacademy.com/wp-content/plugins/borderless/assets/styles/elementor.min6bc5.css]
[maantradingacademy.com/wp-content/plugins/ht-mega-for-elementor/assets/images/pricing/pricing-ribon.png]
[maantradingacademy.com/wp-content/plugins/ht-mega-for-elementor/assets/css/img/others/business-shape.png]
[maantradingacademy.com/wp-content/plugins/ht-mega-for-elementor/assets/css/img/bg/bg-image-40.jpg]
[maantradingacademy.com/wp-content/plugins/ht-mega-for-elementor/assets/css/htmega-widgets8d5a.css]
[maantradingacademy.com/wp-content/uploads/trustindex-google-widgetf967.css]
[maantradingacademy.com/wp-content/plugins/elementor/assets/lib/animations/animations.minf3b2.css]
[maantradingacademy.com/wp-content/plugins/presto-player/src/player/player-static107c.js]
[maantradingacademy.com/wp-content/plugins/droit-elementor-addons/modules/img/icon_box_bg.html]
[maantradingacademy.com/wp-content/plugins/droit-elementor-addons/modules/img/icon_box_bg_2.html]
[maantradingacademy.com/wp-content/plugins/droit-elementor-addons/assets/vendor/owl_carousel/css/owl.video.play.html]
[maantradingacademy.com/wp-includes/js/mediaelement/mejs-controls.svg]
[maantradingacademy.com/wp-content/plugins/ht-mega-for-elementor/assets/css/img/others/business-shape.html]
[maantradingacademy.com/wp-content/plugins/ht-mega-for-elementor/assets/css/img/bg/bg-image-40.html]
